Microchip MPLAB XC8 Compiler V2.32

Linker command line:

-W-3 --edf=C:\Program Files\Microchip\xc8\v2.32\pic\dat\en_msgs.txt -cn \
  -h+dist/default/production\Projeto01.X.production.sym \
  --cmf=dist/default/production\Projeto01.X.production.cmf -z -Q18F4520 \
  -oC:\Users\tadin\AppData\Local\Temp\xcAsag0.4 --defsym=__MPLAB_BUILD=1 \
  -Mdist/default/production/Projeto01.X.production.map -E1 \
  -ver=XC8 Compiler --acfsm=1493 -ASTACK=080h-05FFh -pstack=STACK \
  -ACODE=00h-07FFFh -ACONST=00h-07FFFh -ASMALLCONST=0600h-06FFhx122 \
  -AMEDIUMCONST=0600h-07FFFh -ACOMRAM=01h-07Fh -AABS1=00h-05FFh \
  -ABIGRAM=01h-05FFh -ARAM=080h-0FFh,0100h-01FFhx5 -ABANK0=080h-0FFh \
  -ABANK1=0100h-01FFh -ABANK2=0200h-02FFh -ABANK3=0300h-03FFh \
  -ABANK4=0400h-04FFh -ABANK5=0500h-05FFh -ASFR=0F80h-0FFFh \
  -ACONFIG=0300000h-030000Dh -AIDLOC=0200000h-0200007h \
  -AEEDATA=0F00000h-0F000FFh -peeprom_data=EEDATA \
  -preset_vec=00h,intcode,intcodelo,powerup,init -pramtop=0600h \
  -psmallconst=SMALLCONST -pmediumconst=MEDIUMCONST -pconst=CONST \
  -AFARRAM=00h-00h \
  -prdata=COMRAM,nvrram=COMRAM,nvbit=COMRAM,rbss=COMRAM,rbit=COMRAM \
  -pfarbss=FARRAM,fardata=FARRAM,nvFARRAM=FARRAM \
  -pintsave_regs=BIGRAM,bigbss=BIGRAM,bigdata=BIGRAM -pbss=RAM \
  -pidata=CODE,irdata=CODE,ibigdata=CODE,ifardata=CODE -prparam=COMRAM \
  C:\Users\tadin\AppData\Local\Temp\xcAsag0.o \
  dist/default/production\Projeto01.X.production.o 

Object code version is 3.11

Machine type is 18F4520



                Name                               Link     Load   Length Selector   Space Scale
C:\Users\tadin\AppData\Local\Temp\xcAsag0.o
                idloc                            200000   200000        8        0       5
                config                           300000   300000        E        0       4
                init                                  0        0        4        0       0
dist/default/production\Projeto01.X.production.o
                idloc                            200000   200000        8        0       5
                config                           300000   300000        E        0       4
                smallconst                          600      600       44      300       0
                text41                             1670     1670       B0      322       0
                text40                              F5A      F5A      24E      322       0
                text39                             19E2     19E2       48      322       0
                text38                             1944     1944       50      322       0
                text37                             1448     1448       C4      322       0
                text36                             1DF0     1DF0       26      322       0
                text35                             1AF8     1AF8       42      322       0
                text34                             1E74     1E74        2      322       0
                text33                              D0C      D0C      24E      322       0
                text32                             1DA0     1DA0       2A      322       0
                text31                             11A8     11A8      16A      322       0
                text30                             1C28     1C28       38      322       0
                text29                             1BF0     1BF0       38      322       0
                text28                             1C92     1C92       32      322       0
                text27                             1D76     1D76       2A      322       0
                text26                             1CF4     1CF4       2E      322       0
                text25                             1842     1842       58      322       0
                text24                             18F0     18F0       54      322       0
                text23                             1A70     1A70       46      322       0
                text22                             1788     1788       60      322       0
                text21                             1A2A     1A2A       46      322       0
                text20                             1D4C     1D4C       2A      322       0
                text19                             1D22     1D22       2A      322       0
                text18                             1994     1994       4E      322       0
                text17                             1312     1312      136      322       0
                text16                             1B78     1B78       3E      322       0
                text15                             1C60     1C60       32      322       0
                text14                             1E68     1E68        A      322       0
                text13                             1CC4     1CC4       30      322       0
                text12                             1E72     1E72        2      322       0
                text11                             1AB6     1AB6       42      322       0
                text10                             17E8     17E8       5A      322       0
                text9                              1E34     1E34       1E      322       0
                text8                              1DCA     1DCA       26      322       0
                text7                              150C     150C       B4      322       0
                text6                              1BB6     1BB6       3A      322       0
                text5                              1E16     1E16       1E      322       0
                text4                              189A     189A       56      322       0
                text3                              15C0     15C0       B0      322       0
                text2                              1B3A     1B3A       3E      322       0
                text1                              1720     1720       68      322       0
                text0                               644      644      6C8      322       0
                cstackCOMRAM                          1        1       39        1       1
                bssCOMRAM                            3A       3A        8        1       1
                cinit                              1E52     1E52       16      322       0

TOTAL           Name                               Link     Load   Length     Space
        CLASS   STACK          

        CLASS   CODE           
                init                                  0        0        4         0
                text41                             1670     1670       B0         0
                text40                              F5A      F5A      24E         0
                text39                             19E2     19E2       48         0
                text38                             1944     1944       50         0
                text37                             1448     1448       C4         0
                text36                             1DF0     1DF0       26         0
                text35                             1AF8     1AF8       42         0
                text34                             1E74     1E74        2         0
                text33                              D0C      D0C      24E         0
                text32                             1DA0     1DA0       2A         0
                text31                             11A8     11A8      16A         0
                text30                             1C28     1C28       38         0
                text29                             1BF0     1BF0       38         0
                text28                             1C92     1C92       32         0
                text27                             1D76     1D76       2A         0
                text26                             1CF4     1CF4       2E         0
                text25                             1842     1842       58         0
                text24                             18F0     18F0       54         0
                text23                             1A70     1A70       46         0
                text22                             1788     1788       60         0
                text21                             1A2A     1A2A       46         0
                text20                             1D4C     1D4C       2A         0
                text19                             1D22     1D22       2A         0
                text18                             1994     1994       4E         0
                text17                             1312     1312      136         0
                text16                             1B78     1B78       3E         0
                text15                             1C60     1C60       32         0
                text14                             1E68     1E68        A         0
                text13                             1CC4     1CC4       30         0
                text12                             1E72     1E72        2         0
                text11                             1AB6     1AB6       42         0
                text10                             17E8     17E8       5A         0
                text9                              1E34     1E34       1E         0
                text8                              1DCA     1DCA       26         0
                text7                              150C     150C       B4         0
                text6                              1BB6     1BB6       3A         0
                text5                              1E16     1E16       1E         0
                text4                              189A     189A       56         0
                text3                              15C0     15C0       B0         0
                text2                              1B3A     1B3A       3E         0
                text1                              1720     1720       68         0
                text0                               644      644      6C8         0
                cinit                              1E52     1E52       16         0

        CLASS   CONST          

        CLASS   SMALLCONST     
                smallconst                          600      600       44         0

        CLASS   MEDIUMCONST    

        CLASS   COMRAM         
                cstackCOMRAM                          1        1       39         1
                bssCOMRAM                            3A       3A        8         1

        CLASS   ABS1           

        CLASS   BIGRAM         

        CLASS   RAM            

        CLASS   BANK0          

        CLASS   BANK1          

        CLASS   BANK2          

        CLASS   BANK3          

        CLASS   BANK4          

        CLASS   BANK5          

        CLASS   SFR            

        CLASS   CONFIG         
                config                           300000   300000        E         4

        CLASS   IDLOC          
                idloc                            200000   200000        8         5

        CLASS   EEDATA         

        CLASS   FARRAM         



SEGMENTS        Name                           Load    Length   Top    Selector   Space  Class

                reset_vec                      000000  000004  000004         0       0  CODE    
                cstackCOMRAM                   000001  000041  000042         1       1  COMRAM  
                smallconst                     000600  000044  000644       300       0  SMALLCON
                text0                          000644  001832  001E76       322       0  CODE    


UNUSED ADDRESS RANGES

        Name                Unused          Largest block    Delta
        BANK0            000080-0000FF               80
        BANK1            000100-0001FF              100
        BANK2            000200-0002FF              100
        BANK3            000300-0003FF              100
        BANK4            000400-0004FF              100
        BANK5            000500-0005FF              100
        BIGRAM           000042-0005FF              5BE
        CODE             000004-0005FF              5FC
                         001E76-007FFF             618A
        COMRAM           000042-00007F               3E
        CONST            000004-0005FF              5FC
                         001E76-007FFF             618A
        EEDATA           F00000-F000FF              100
        MEDIUMCONST      001E76-007FFF             618A
        RAM              000080-0005FF              100
        SFR              000F80-000FFF               80
        SMALLCONST       001E76-007FFF              100
        STACK            000080-0005FF              580

                                  Symbol Table

?___awdiv                cstackCOMRAM 000013
?___awmod                cstackCOMRAM 000025
?___wmul                 cstackCOMRAM 00001B
?_adcRead                cstackCOMRAM 000001
?_bcd2dec                cstackCOMRAM 000021
?_digitalRead            cstackCOMRAM 000001
?_dsReadData             cstackCOMRAM 00000E
?_kpRead                 cstackCOMRAM 000001
_ADCON0                  (abs)        000FC2
_ADCON1                  (abs)        000FC1
_ADCON2                  (abs)        000FC0
_ADRESH                  (abs)        000FC4
_ADRESL                  (abs)        000FC3
_I2C_delay               text34       001E74
_PORTA                   (abs)        000F80
_PORTB                   (abs)        000F81
_PORTC                   (abs)        000F82
_PORTD                   (abs)        000F83
_PORTE                   (abs)        000F84
_PulseClockData          text20       001D4C
_PulseEnClock            text19       001D22
_TRISA                   (abs)        000F92
_TRISB                   (abs)        000F93
_TRISC                   (abs)        000F94
_TRISD                   (abs)        000F95
_TRISE                   (abs)        000F96
__HRAM                   (abs)        000000
__Habs1                  abs1         000000
__Hbank0                 bank0        000000
__Hbank1                 bank1        000000
__Hbank2                 bank2        000000
__Hbank3                 bank3        000000
__Hbank4                 bank4        000000
__Hbank5                 bank5        000000
__Hbigbss                bigbss       000000
__Hbigdata               bigdata      000000
__Hbigram                bigram       000000
__Hbss                   bss          000000
__HbssCOMRAM             bssCOMRAM    000000
__Hcinit                 cinit        000000
__Hclrtext               clrtext      000000
__Hcomram                comram       000000
__Hconfig                config       30000E
__Hconst                 const        000000
__HcstackCOMRAM          cstackCOMRAM 000000
__Hdata                  data         000000
__Heeprom_data           eeprom_data  000000
__Hfarbss                farbss       000000
__Hfardata               fardata      000000
__Hibigdata              ibigdata     000000
__Hidata                 idata        000000
__Hidloc                 idloc        200008
__Hifardata              ifardata     000000
__Hinit                  init         000004
__Hintcode               intcode      000000
__Hintcode_body          intcode_body 000000
__Hintcodelo             intcodelo    000000
__Hintentry              intentry     000000
__Hintret                intret       000000
__Hintsave_regs          intsave_regs 000000
__Hirdata                irdata       000000
__Hmediumconst           mediumconst  000000
__HnvFARRAM              nvFARRAM     000000
__Hnvbit                 nvbit        000000
__Hnvrram                nvrram       000000
__Hparam                 rparam       000000
__Hpowerup               powerup      000000
__Hram                   ram          000000
__Hramtop                ramtop       000600
__Hrbit                  rbit         000000
__Hrbss                  rbss         000000
__Hrdata                 rdata        000000
__Hreset_vec             reset_vec    000000
__Hrparam                rparam       000000
__Hsfr                   sfr          000000
__Hsmallconst            smallconst   000644
__Hspace_0               (abs)        001E76
__Hspace_1               (abs)        000042
__Hspace_2               (abs)        000000
__Hspace_4               (abs)        60000E
__Hstack                 stack        000000
__Hstruct                struct       000000
__Htemp                  temp         000000
__Htext                  text         000000
__Htext0                 text0        000000
__Htext1                 text1        000000
__Htext10                text10       000000
__Htext11                text11       000000
__Htext12                text12       000000
__Htext13                text13       000000
__Htext14                text14       000000
__Htext15                text15       000000
__Htext16                text16       000000
__Htext17                text17       000000
__Htext18                text18       000000
__Htext19                text19       000000
__Htext2                 text2        000000
__Htext20                text20       000000
__Htext21                text21       000000
__Htext22                text22       000000
__Htext23                text23       000000
__Htext24                text24       000000
__Htext25                text25       000000
__Htext26                text26       000000
__Htext27                text27       000000
__Htext28                text28       000000
__Htext29                text29       000000
__Htext3                 text3        000000
__Htext30                text30       000000
__Htext31                text31       000000
__Htext32                text32       000000
__Htext33                text33       000000
__Htext34                text34       000000
__Htext35                text35       000000
__Htext36                text36       000000
__Htext37                text37       000000
__Htext38                text38       000000
__Htext39                text39       000000
__Htext4                 text4        000000
__Htext40                text40       000000
__Htext41                text41       000000
__Htext5                 text5        000000
__Htext6                 text6        000000
__Htext7                 text7        000000
__Htext8                 text8        000000
__Htext9                 text9        000000
__LRAM                   (abs)        000001
__Labs1                  abs1         000000
__Lbank0                 bank0        000000
__Lbank1                 bank1        000000
__Lbank2                 bank2        000000
__Lbank3                 bank3        000000
__Lbank4                 bank4        000000
__Lbank5                 bank5        000000
__Lbigbss                bigbss       000000
__Lbigdata               bigdata      000000
__Lbigram                bigram       000000
__Lbss                   bss          000000
__LbssCOMRAM             bssCOMRAM    000000
__Lcinit                 cinit        000000
__Lclrtext               clrtext      000000
__Lcomram                comram       000000
__Lconfig                config       000000
__Lconst                 const        000000
__LcstackCOMRAM          cstackCOMRAM 000000
__Ldata                  data         000000
__Leeprom_data           eeprom_data  000000
__Lfarbss                farbss       000000
__Lfardata               fardata      000000
__Libigdata              ibigdata     000000
__Lidata                 idata        000000
__Lidloc                 idloc        000000
__Lifardata              ifardata     000000
__Linit                  init         000000
__Lintcode               intcode      000000
__Lintcode_body          intcode_body 000000
__Lintcodelo             intcodelo    000000
__Lintentry              intentry     000000
__Lintret                intret       000000
__Lintsave_regs          intsave_regs 000000
__Lirdata                irdata       000000
__Lmediumconst           mediumconst  000000
__LnvFARRAM              nvFARRAM     000000
__Lnvbit                 nvbit        000000
__Lnvrram                nvrram       000000
__Lparam                 rparam       000000
__Lpowerup               powerup      000000
__Lram                   ram          000000
__Lramtop                ramtop       000600
__Lrbit                  rbit         000000
__Lrbss                  rbss         000000
__Lrdata                 rdata        000000
__Lreset_vec             reset_vec    000000
__Lrparam                rparam       000000
__Lsfr                   sfr          000000
__Lsmallconst            smallconst   000600
__Lspace_0               (abs)        000000
__Lspace_1               (abs)        000000
__Lspace_2               (abs)        000000
__Lspace_4               (abs)        000000
__Lstack                 stack        000000
__Lstruct                struct       000000
__Ltemp                  temp         000000
__Ltext                  text         000000
__Ltext0                 text0        000000
__Ltext1                 text1        000000
__Ltext10                text10       000000
__Ltext11                text11       000000
__Ltext12                text12       000000
__Ltext13                text13       000000
__Ltext14                text14       000000
__Ltext15                text15       000000
__Ltext16                text16       000000
__Ltext17                text17       000000
__Ltext18                text18       000000
__Ltext19                text19       000000
__Ltext2                 text2        000000
__Ltext20                text20       000000
__Ltext21                text21       000000
__Ltext22                text22       000000
__Ltext23                text23       000000
__Ltext24                text24       000000
__Ltext25                text25       000000
__Ltext26                text26       000000
__Ltext27                text27       000000
__Ltext28                text28       000000
__Ltext29                text29       000000
__Ltext3                 text3        000000
__Ltext30                text30       000000
__Ltext31                text31       000000
__Ltext32                text32       000000
__Ltext33                text33       000000
__Ltext34                text34       000000
__Ltext35                text35       000000
__Ltext36                text36       000000
__Ltext37                text37       000000
__Ltext38                text38       000000
__Ltext39                text39       000000
__Ltext4                 text4        000000
__Ltext40                text40       000000
__Ltext41                text41       000000
__Ltext5                 text5        000000
__Ltext6                 text6        000000
__Ltext7                 text7        000000
__Ltext8                 text8        000000
__Ltext9                 text9        000000
__S0                     (abs)        001E76
__S1                     (abs)        000042
__S2                     (abs)        000000
__S4                     (abs)        000000
__S5                     (abs)        000000
___awdiv                 text37       001448
___awdiv@counter         cstackCOMRAM 000017
___awdiv@dividend        cstackCOMRAM 000013
___awdiv@divisor         cstackCOMRAM 000015
___awdiv@quotient        cstackCOMRAM 000019
___awdiv@sign            cstackCOMRAM 000018
___awmod                 text41       001670
___awmod@counter         cstackCOMRAM 000029
___awmod@dividend        cstackCOMRAM 000025
___awmod@divisor         cstackCOMRAM 000027
___awmod@sign            cstackCOMRAM 00002A
___inthi_sp              stack        000000
___intlo_sp              stack        000000
___param_bank            (abs)        000000
___rparam_used           (abs)        000001
___sp                    stack        000000
___wmul                  text36       001DF0
___wmul@multiplicand     cstackCOMRAM 00001D
___wmul@multiplier       cstackCOMRAM 00001B
___wmul@product          cstackCOMRAM 00001F
__accesstop              (abs)        000080
__activetblptr           (abs)        000002
__end_of_I2C_delay       text34       001E76
__end_of_PulseClockData  text20       001D76
__end_of_PulseEnClock    text19       001D4C
__end_of___awdiv         text37       00150C
__end_of___awmod         text41       001720
__end_of___wmul          text36       001E16
__end_of__initialization cinit        001E5E
__end_of_adcInit         text39       001A2A
__end_of_adcRead         text38       001994
__end_of_bcd2dec         text35       001B3A
__end_of_charKey         smallconst   00061B
__end_of_clear_SCL       text32       001DCA
__end_of_clear_SDA       text27       001DA0
__end_of_delayMicro      text12       001E74
__end_of_delayMili       text13       001CF4
__end_of_digitalRead     text31       001312
__end_of_digitalWrite    text33       000F5A
__end_of_dsReadData      text21       001A70
__end_of_i2cReadByte     text24       001944
__end_of_i2cWriteByte    text22       0017E8
__end_of_i2c_read_bit    text28       001CC4
__end_of_i2c_start       text23       001AB6
__end_of_i2c_stop        text26       001D22
__end_of_i2c_write_bit   text25       00189A
__end_of_kpDebounce      text17       001448
__end_of_kpInit          text15       001C92
__end_of_kpRead          text14       001E72
__end_of_lcdChar         text5        001E34
__end_of_lcdCommand      text9        001E52
__end_of_lcdInit         text7        0015C0
__end_of_lcdPosition     text6        001BF0
__end_of_lcdString       text4        0018F0
__end_of_main            text0        000D0C
__end_of_pinMode         text40       0011A8
__end_of_pulseEnablePin  text11       001AF8
__end_of_pushByte        text10       001842
__end_of_pushNibble      text8        001DF0
__end_of_radio           smallconst   000611
__end_of_read_SCL        text30       001C60
__end_of_read_SDA        text29       001C28
__end_of_rgbColor        text3        001670
__end_of_rgbInit         text2        001B78
__end_of_soInit          text16       001BB6
__end_of_soWrite         text18       0019E2
__end_of_turnOn          text1        001788
__initialization         cinit        001E52
__mediumconst            mediumconst  000000
__pbssCOMRAM             bssCOMRAM    00003A
__pcinit                 cinit        001E52
__pcstackCOMRAM          cstackCOMRAM 000001
__psmallconst            smallconst   000600
__ptext0                 text0        000644
__ptext1                 text1        001720
__ptext10                text10       0017E8
__ptext11                text11       001AB6
__ptext12                text12       001E72
__ptext13                text13       001CC4
__ptext14                text14       001E68
__ptext15                text15       001C60
__ptext16                text16       001B78
__ptext17                text17       001312
__ptext18                text18       001994
__ptext19                text19       001D22
__ptext2                 text2        001B3A
__ptext20                text20       001D4C
__ptext21                text21       001A2A
__ptext22                text22       001788
__ptext23                text23       001A70
__ptext24                text24       0018F0
__ptext25                text25       001842
__ptext26                text26       001CF4
__ptext27                text27       001D76
__ptext28                text28       001C92
__ptext29                text29       001BF0
__ptext3                 text3        0015C0
__ptext30                text30       001C28
__ptext31                text31       0011A8
__ptext32                text32       001DA0
__ptext33                text33       000D0C
__ptext34                text34       001E74
__ptext35                text35       001AF8
__ptext36                text36       001DF0
__ptext37                text37       001448
__ptext38                text38       001944
__ptext39                text39       0019E2
__ptext4                 text4        00189A
__ptext40                text40       000F5A
__ptext41                text41       001670
__ptext5                 text5        001E16
__ptext6                 text6        001BB6
__ptext7                 text7        00150C
__ptext8                 text8        001DCA
__ptext9                 text9        001E34
__ramtop                 ramtop       000600
__size_of_I2C_delay      (abs)        000000
__size_of_PulseClockData (abs)        000000
__size_of_PulseEnClock   (abs)        000000
__size_of___awdiv        (abs)        000000
__size_of___awmod        (abs)        000000
__size_of___wmul         (abs)        000000
__size_of_adcInit        (abs)        000000
__size_of_adcRead        (abs)        000000
__size_of_bcd2dec        (abs)        000000
__size_of_clear_SCL      (abs)        000000
__size_of_clear_SDA      (abs)        000000
__size_of_delayMicro     (abs)        000000
__size_of_delayMili      (abs)        000000
__size_of_digitalRead    (abs)        000000
__size_of_digitalWrite   (abs)        000000
__size_of_dsReadData     (abs)        000000
__size_of_i2cReadByte    (abs)        000000
__size_of_i2cWriteByte   (abs)        000000
__size_of_i2c_read_bit   (abs)        000000
__size_of_i2c_start      (abs)        000000
__size_of_i2c_stop       (abs)        000000
__size_of_i2c_write_bit  (abs)        000000
__size_of_kpDebounce     (abs)        000000
__size_of_kpInit         (abs)        000000
__size_of_kpRead         (abs)        000000
__size_of_lcdChar        (abs)        000000
__size_of_lcdCommand     (abs)        000000
__size_of_lcdInit        (abs)        000000
__size_of_lcdPosition    (abs)        000000
__size_of_lcdString      (abs)        000000
__size_of_main           (abs)        000000
__size_of_pinMode        (abs)        000000
__size_of_pulseEnablePin (abs)        000000
__size_of_pushByte       (abs)        000000
__size_of_pushNibble     (abs)        000000
__size_of_read_SCL       (abs)        000000
__size_of_read_SDA       (abs)        000000
__size_of_rgbColor       (abs)        000000
__size_of_rgbInit        (abs)        000000
__size_of_soInit         (abs)        000000
__size_of_soWrite        (abs)        000000
__size_of_turnOn         (abs)        000000
__smallconst             smallconst   000600
_adcInit                 text39       0019E2
_adcRead                 text38       001944
_bcd2dec                 text35       001AF8
_clear_SCL               text32       001DA0
_clear_SDA               text27       001D76
_delayMicro              text12       001E72
_delayMili               text13       001CC4
_digitalRead             text31       0011A8
_digitalWrite            text33       000D0C
_dsReadData              text21       001A2A
_i2cReadByte             text24       0018F0
_i2cWriteByte            text22       001788
_i2c_read_bit            text28       001C92
_i2c_start               text23       001A70
_i2c_stop                text26       001CF4
_i2c_write_bit           text25       001842
_keys                    bssCOMRAM    00003E
_kpDebounce              text17       001312
_kpInit                  text15       001C60
_kpRead                  text14       001E68
_lcdChar                 text5        001E16
_lcdCommand              text9        001E34
_lcdInit                 text7        00150C
_lcdPosition             text6        001BB6
_lcdString               text4        00189A
_main                    text0        000644
_main$1208               cstackCOMRAM 000030
_pinMode                 text40       000F5A
_pulseEnablePin          text11       001AB6
_pushByte                text10       0017E8
_pushNibble              text8        001DCA
_radio                   smallconst   000601
_read_SCL                text30       001C28
_read_SDA                text29       001BF0
_rgbColor                text3        0015C0
_rgbInit                 text2        001B3A
_soInit                  text16       001B78
_soWrite                 text18       001994
_started                 bssCOMRAM    000040
_turnOn                  text1        001720
adcRead@ADvalor          cstackCOMRAM 000003
adcRead@channel          cstackCOMRAM 000001
bcd2dec@value            cstackCOMRAM 000021
delayMicro@a             cstackCOMRAM 000001
delayMili@a              cstackCOMRAM 000001
delayMili@i              cstackCOMRAM 000004
digitalRead@pin          cstackCOMRAM 000001
digitalWrite@pin         cstackCOMRAM 000001
digitalWrite@value       cstackCOMRAM 000003
dsReadData@address       cstackCOMRAM 00000E
dsReadData@result        cstackCOMRAM 000011
end_of_initialization    cinit        001E5E
i2cReadByte@bit          cstackCOMRAM 00000B
i2cReadByte@byte         cstackCOMRAM 00000D
i2cReadByte@nack         cstackCOMRAM 00000A
i2cReadByte@send_stop    cstackCOMRAM 000008
i2cWriteByte@bit         cstackCOMRAM 00000B
i2cWriteByte@byte        cstackCOMRAM 000009
i2cWriteByte@send_start  cstackCOMRAM 00000A
i2cWriteByte@send_stop   cstackCOMRAM 000008
i2c_read_bit@bit         cstackCOMRAM 000007
i2c_write_bit@bit        cstackCOMRAM 000007
intlevel0                text         000000
intlevel1                text         000000
intlevel2                text         000000
intlevel3                text         000000
isa$std                  (abs)        000001
isa$xinst                (abs)        000000
kpDebounce@i             cstackCOMRAM 00000D
kpDebounce@newRead       bssCOMRAM    00003C
kpDebounce@oldRead       bssCOMRAM    00003A
kpDebounce@tempo         bssCOMRAM    000041
lcdChar@value            cstackCOMRAM 00000E
lcdCommand@value         cstackCOMRAM 00000E
lcdPosition@col          cstackCOMRAM 000011
lcdPosition@line         cstackCOMRAM 00000F
lcdString@i              cstackCOMRAM 000013
lcdString@msg            cstackCOMRAM 00000F
main@fm                  cstackCOMRAM 000035
main@i                   cstackCOMRAM 000034
main@marcha              cstackCOMRAM 000037
main@painel              cstackCOMRAM 000032
main@tecla               cstackCOMRAM 000036
main@vel                 cstackCOMRAM 000038
main@vol                 cstackCOMRAM 000033
pinMode@pin              cstackCOMRAM 000001
pinMode@type             cstackCOMRAM 000003
pushByte@rs              cstackCOMRAM 00000A
pushByte@value           cstackCOMRAM 00000D
pushNibble@rs            cstackCOMRAM 00000A
pushNibble@value         cstackCOMRAM 00000C
rgbColor@led             cstackCOMRAM 000007
soWrite@i                cstackCOMRAM 000009
soWrite@value            cstackCOMRAM 000007
stackhi                  (abs)        0005FF
stacklo                  (abs)        000080
start                    init         000000
start_initialization     cinit        001E52
turnOn@led               cstackCOMRAM 000007


MODULE INFORMATION

Module		Function		Class		Link	Load	Size
C:\Program Files\Microchip\xc8\v2.32\pic\sources\c99\common\awdiv.c
		___awdiv       		CODE           	1448	0000	196

C:\Program Files\Microchip\xc8\v2.32\pic\sources\c99\common\awdiv.c estimated size: 196

keypad.c
		_kpInit        		CODE           	1C60	0000	50
		_kpDebounce    		CODE           	1312	0000	310
		_kpRead        		CODE           	1E68	0000	10

keypad.c estimated size: 370

so.c
		_soInit        		CODE           	1B78	0000	62
		_soWrite       		CODE           	1994	0000	78
		_PulseEnClock  		CODE           	1D22	0000	42
		_PulseClockData		CODE           	1D4C	0000	42

so.c estimated size: 224

io.c
		_digitalRead   		CODE           	11A8	0000	362
		_digitalWrite  		CODE           	0D0C	0000	590
		_pinMode       		CODE           	0F5A	0000	590

io.c estimated size: 1542

i2c.c
		_i2c_start     		CODE           	1A70	0000	70
		_i2cReadByte   		CODE           	18F0	0000	84
		_read_SCL      		CODE           	1C28	0000	56
		_I2C_delay     		CODE           	1E74	0000	2
		_clear_SDA     		CODE           	1D76	0000	42
		_clear_SCL     		CODE           	1DA0	0000	42
		_i2cWriteByte  		CODE           	1788	0000	96
		_i2c_stop      		CODE           	1CF4	0000	46
		_i2c_write_bit 		CODE           	1842	0000	88
		_i2c_read_bit  		CODE           	1C92	0000	50
		_read_SDA      		CODE           	1BF0	0000	56

i2c.c estimated size: 632

ds1307.c
		_dsReadData    		CODE           	1A2A	0000	70
		_bcd2dec       		CODE           	1AF8	0000	66

ds1307.c estimated size: 136

C:\Program Files\Microchip\xc8\v2.32\pic\sources\c99\common\Umul16.c
		___wmul        		CODE           	1DF0	0000	38

C:\Program Files\Microchip\xc8\v2.32\pic\sources\c99\common\Umul16.c estimated size: 38

adc.c
		_adcRead       		CODE           	1944	0000	80
		_adcInit       		CODE           	19E2	0000	72

adc.c estimated size: 152

rgb.c
		_rgbColor      		CODE           	15C0	0000	176
		_turnOn        		CODE           	1720	0000	104
		_rgbInit       		CODE           	1B3A	0000	62

rgb.c estimated size: 342

shared
		_charKey       		SMALLCONST     	0000	0000	0
		__initialization		CODE           	1E52	0000	12
		_radio         		SMALLCONST     	0601	0000	16

shared estimated size: 28

C:\Program Files\Microchip\xc8\v2.32\pic\sources\c99\common\awmod.c
		___awmod       		CODE           	1670	0000	176

C:\Program Files\Microchip\xc8\v2.32\pic\sources\c99\common\awmod.c estimated size: 176

lcd.c
		_lcdCommand    		CODE           	1E34	0000	30
		_lcdChar       		CODE           	1E16	0000	30
		_lcdString     		CODE           	189A	0000	86
		_pulseEnablePin		CODE           	1AB6	0000	66
		_pushByte      		CODE           	17E8	0000	90
		_lcdPosition   		CODE           	1BB6	0000	58
		_pushNibble    		CODE           	1DCA	0000	38
		_lcdInit       		CODE           	150C	0000	180
		_delayMili     		CODE           	1CC4	0000	48
		_delayMicro    		CODE           	1E72	0000	2

lcd.c estimated size: 628

main.c
		_main          		CODE           	0644	0000	1736

main.c estimated size: 1736

